--- JARVIS AI PERSISTENCE TEST ---
Sending query: 'Hello Jarvis, give me a short fact about space.'
[AI] Starting Pass 1 of all fallback models...
[AI] [Pass 1] Trying: meta-llama/llama-3.1-405b:free
[AI] meta-llama/llama-3.1-405b:free Error: 404
[AI] [Pass 1] Trying: meta-llama/llama-3.1-70b-instruct:free
[AI] meta-llama/llama-3.1-70b-instruct:free Error: 404
[AI] [Pass 1] Trying: meta-llama/llama-3-8b-instruct:free
[AI] meta-llama/llama-3-8b-instruct:free Error: 404
[AI] [Pass 1] Trying: qwen/qwen-2.5-72b-instruct:free
[AI] qwen/qwen-2.5-72b-instruct:free Error: 404
[AI] [Pass 1] Trying: qwen/qwen-2-7b-instruct:free
[AI] qwen/qwen-2-7b-instruct:free Error: 404
[AI] [Pass 1] Trying: mistralai/pixtral-12b:free
[AI] mistralai/pixtral-12b:free Error: 404
[AI] [Pass 1] Trying: mistralai/mistral-7b-instruct:free
[AI] mistralai/mistral-7b-instruct:free Error: 404
[AI] [Pass 1] Trying: microsoft/phi-3-medium-128k-instruct:free
[AI] microsoft/phi-3-medium-128k-instruct:free Error: 404
[AI] [Pass 1] Trying: microsoft/phi-3-mini-128k-instruct:free
[AI] microsoft/phi-3-mini-128k-instruct:free Error: 404
[AI] [Pass 1] Trying: google/gemma-2-9b-it:free
[AI] google/gemma-2-9b-it:free Error: 404
[AI] [Pass 1] Trying: google/gemini-2.0-flash-lite-preview-02-05:free
[AI] google/gemini-2.0-flash-lite-preview-02-05:free Error: 400
[AI] [Pass 1] Trying: google/gemini-2.0-pro-exp-02-05:free
[AI] google/gemini-2.0-pro-exp-02-05:free Error: 400
[AI] All models failed in pass 1. Waiting 10s before retry...
[AI] Starting Pass 2 of all fallback models...
[AI] [Pass 2] Trying: meta-llama/llama-3.1-405b:free
[AI] meta-llama/llama-3.1-405b:free Error: 404
[AI] [Pass 2] Trying: meta-llama/llama-3.1-70b-instruct:free
[AI] meta-llama/llama-3.1-70b-instruct:free Error: 404
[AI] [Pass 2] Trying: meta-llama/llama-3-8b-instruct:free
[AI] meta-llama/llama-3-8b-instruct:free Error: 404
[AI] [Pass 2] Trying: qwen/qwen-2.5-72b-instruct:free
[AI] qwen/qwen-2.5-72b-instruct:free Error: 404
[AI] [Pass 2] Trying: qwen/qwen-2-7b-instruct:free
[AI] qwen/qwen-2-7b-instruct:free Error: 404
[AI] [Pass 2] Trying: mistralai/pixtral-12b:free
[AI] mistralai/pixtral-12b:free Error: 404
[AI] [Pass 2] Trying: mistralai/mistral-7b-instruct:free
[AI] mistralai/mistral-7b-instruct:free Error: 404
[AI] [Pass 2] Trying: microsoft/phi-3-medium-128k-instruct:free
[AI] microsoft/phi-3-medium-128k-instruct:free Error: 404
[AI] [Pass 2] Trying: microsoft/phi-3-mini-128k-instruct:free
[AI] microsoft/phi-3-mini-128k-instruct:free Error: 404
[AI] [Pass 2] Trying: google/gemma-2-9b-it:free
[AI] google/gemma-2-9b-it:free Error: 404
[AI] [Pass 2] Trying: google/gemini-2.0-flash-lite-preview-02-05:free
[AI] google/gemini-2.0-flash-lite-preview-02-05:free Error: 400
[AI] [Pass 2] Trying: google/gemini-2.0-pro-exp-02-05:free
[AI] google/gemini-2.0-pro-exp-02-05:free Error: 400
[AI] All models failed in pass 2. Waiting 10s before retry...
[AI] Starting Pass 3 of all fallback models...
[AI] [Pass 3] Trying: meta-llama/llama-3.1-405b:free
[AI] meta-llama/llama-3.1-405b:free Error: 404
[AI] [Pass 3] Trying: meta-llama/llama-3.1-70b-instruct:free
[AI] meta-llama/llama-3.1-70b-instruct:free Error: 404
[AI] [Pass 3] Trying: meta-llama/llama-3-8b-instruct:free
[AI] meta-llama/llama-3-8b-instruct:free Error: 404
[AI] [Pass 3] Trying: qwen/qwen-2.5-72b-instruct:free
[AI] qwen/qwen-2.5-72b-instruct:free Error: 404
[AI] [Pass 3] Trying: qwen/qwen-2-7b-instruct:free
[AI] qwen/qwen-2-7b-instruct:free Error: 404
[AI] [Pass 3] Trying: mistralai/pixtral-12b:free
[AI] mistralai/pixtral-12b:free Error: 404
[AI] [Pass 3] Trying: mistralai/mistral-7b-instruct:free
[AI] mistralai/mistral-7b-instruct:free Error: 404
[AI] [Pass 3] Trying: microsoft/phi-3-medium-128k-instruct:free
[AI] microsoft/phi-3-medium-128k-instruct:free Error: 404
[AI] [Pass 3] Trying: microsoft/phi-3-mini-128k-instruct:free
[AI] microsoft/phi-3-mini-128k-instruct:free Error: 404
[AI] [Pass 3] Trying: google/gemma-2-9b-it:free
[AI] google/gemma-2-9b-it:free Error: 404
[AI] [Pass 3] Trying: google/gemini-2.0-flash-lite-preview-02-05:free
[AI] google/gemini-2.0-flash-lite-preview-02-05:free Error: 400
[AI] [Pass 3] Trying: google/gemini-2.0-pro-exp-02-05:free
[AI] google/gemini-2.0-pro-exp-02-05:free Error: 400

[FINAL RESPONSE]:
I've attempted over 30 different AI routes and all are currently exhausted. The free API traffic is exceptionally high right now. Please try again in 1-2 minutes, or consider adding a $5 balance to OpenRouter for guaranteed instant responses.

--------------------------------
